[debug] [2026-09-25T18:47:38.297Z] ----------------------------------------------------------------------
[debug] [2026-09-25T18:47:38.299Z] Command:       C:\Program Files\nodejs\node.exe C:\Users\ProTech\AppData\Roaming\npm\node_modules\firebase-tools\lib\bin\firebase.js apphosting:backends:list --project protech-website-38a37 --debug
[debug] [2026-09-25T18:47:38.299Z] CLI Version:   15.22.3
[debug] [2026-09-25T18:47:38.299Z] Platform:      win32
[debug] [2026-09-25T18:47:38.300Z] Node Version:  v24.12.0
[debug] [2026-09-25T18:47:38.300Z] Detected Agent: antigravity
[debug] [2026-09-25T18:47:38.300Z] Time:          Fri Sep 25 2026 18:47:38 GMT+0000 (Greenwich Mean Time)
[debug] [2026-09-25T18:47:38.300Z] ----------------------------------------------------------------------
[debug] 
[debug] [2026-09-25T18:47:38.316Z] > command requires scopes: ["email","openid","https://www.googleapis.com/auth/cloudplatformprojects.readonly","https://www.googleapis.com/auth/firebase","https://www.googleapis.com/auth/cloud-platform"]
[debug] [2026-09-25T18:47:38.317Z] > authorizing via signed-in user (strangesteven001@gmail.com)
[debug] [2026-09-25T18:47:38.321Z] Checked if tokens are valid: true, expires at: 1790363913128
[debug] [2026-09-25T18:47:38.321Z] Checked if tokens are valid: true, expires at: 1790363913128
[debug] [2026-09-25T18:47:38.324Z] >>> [apiv2][query] GET https://firebaseapphosting.googleapis.com/v1beta/projects/protech-website-38a37/locations/-/backends 
[debug] [2026-09-25T18:47:38.939Z] <<< [apiv2][status] GET https://firebaseapphosting.googleapis.com/v1beta/projects/protech-website-38a37/locations/-/backends 403
[debug] [2026-09-25T18:47:38.939Z] <<< [apiv2][body] GET https://firebaseapphosting.googleapis.com/v1beta/projects/protech-website-38a37/locations/-/backends {"error":{"code":403,"message":"Firebase App Hosting API has not been used in project protech-website-38a37 before or it is disabled. Enable it by visiting https://console.developers.google.com/apis/api/firebaseapphosting.googleapis.com/overview?project=protech-website-38a37 then retry. If you enabled this API recently, wait a few minutes for the action to propagate to our systems and retry.","status":"PERMISSION_DENIED","details":[{"@type":"type.googleapis.com/google.rpc.ErrorInfo","reason":"SERVICE_DISABLED","domain":"googleapis.com","metadata":{"consumer":"projects/protech-website-38a37","service":"firebaseapphosting.googleapis.com","activationUrl":"https://console.developers.google.com/apis/api/firebaseapphosting.googleapis.com/overview?project=protech-website-38a37","containerInfo":"protech-website-38a37","serviceTitle":"Firebase App Hosting API"}},{"@type":"type.googleapis.com/google.rpc.LocalizedMessage","locale":"en-US","message":"Firebase App Hosting API has not been used in project protech-website-38a37 before or it is disabled. Enable it by visiting https://console.developers.google.com/apis/api/firebaseapphosting.googleapis.com/overview?project=protech-website-38a37 then retry. If you enabled this API recently, wait a few minutes for the action to propagate to our systems and retry."},{"@type":"type.googleapis.com/google.rpc.Help","links":[{"description":"Google developers console API activation","url":"https://console.developers.google.com/apis/api/firebaseapphosting.googleapis.com/overview?project=protech-website-38a37"}]}]}}
[debug] [2026-09-25T18:47:39.541Z] FirebaseError: Request to https://firebaseapphosting.googleapis.com/v1beta/projects/protech-website-38a37/locations/-/backends had HTTP Error: 403, Firebase App Hosting API has not been used in project protech-website-38a37 before or it is disabled. Enable it by visiting https://console.developers.google.com/apis/api/firebaseapphosting.googleapis.com/overview?project=protech-website-38a37 then retry. If you enabled this API recently, wait a few minutes for the action to propagate to our systems and retry.
    at responseToError (C:\Users\ProTech\AppData\Roaming\npm\node_modules\firebase-tools\lib\responseToError.js:53:12)
    at RetryOperation._fn (C:\Users\ProTech\AppData\Roaming\npm\node_modules\firebase-tools\lib\apiv2.js:381:77)
    at process.processTicksAndRejections (node:internal/process/task_queues:103:5)
[error] 
[error] Error: Unable to list backends present for project: protech-website-38a37. Please check the parameters you have provided.
