[debug] [2026-07-28T19:08:39.635Z] ----------------------------------------------------------------------
[debug] [2026-07-28T19:08:39.638Z] Command:       C:\Program Files\nodejs\node.exe C:\Users\ProTech\AppData\Roaming\npm\node_modules\firebase-tools\lib\bin\firebase.js projects:list
[debug] [2026-07-28T19:08:39.638Z] CLI Version:   15.22.3
[debug] [2026-07-28T19:08:39.638Z] Platform:      win32
[debug] [2026-07-28T19:08:39.638Z] Node Version:  v24.12.0
[debug] [2026-07-28T19:08:39.638Z] Detected Agent: antigravity
[debug] [2026-07-28T19:08:39.639Z] Time:          Tue Jul 28 2026 19:08:39 GMT+0000 (Greenwich Mean Time)
[debug] [2026-07-28T19:08:39.639Z] ----------------------------------------------------------------------
[debug] 
[debug] [2026-07-28T19:08:39.643Z] >>> [apiv2][query] GET https://firebase-public.firebaseio.com/cli.json [none]
[debug] [2026-07-28T19:08:39.900Z] > command requires scopes: ["email","openid","https://www.googleapis.com/auth/cloudplatformprojects.readonly","https://www.googleapis.com/auth/firebase","https://www.googleapis.com/auth/cloud-platform"]
[debug] [2026-07-28T19:08:39.900Z] > authorizing via signed-in user (strangesteven001@gmail.com)
[debug] [2026-07-28T19:08:39.903Z] Checked if tokens are valid: false, expires at: 1783984475750
[debug] [2026-07-28T19:08:39.903Z] Checked if tokens are valid: false, expires at: 1783984475750
[debug] [2026-07-28T19:08:39.903Z] > refreshing access token with scopes: []
[debug] [2026-07-28T19:08:39.904Z] >>> [apiv2][query] POST https://www.googleapis.com/oauth2/v3/token [none]
[debug] [2026-07-28T19:08:39.904Z] >>> [apiv2][body] POST https://www.googleapis.com/oauth2/v3/token [omitted]
[debug] [2026-07-28T19:08:40.308Z] *** [apiv2] error from fetch(https://www.googleapis.com/oauth2/v3/token, {"headers":{},"method":"POST","body":{"type":"Buffer","data":[45,45,45,45,45,45,45,45,45,45,45,45,45,45,45,45,45,45,45,45,45,45,45,45,45,45,45,45,48,56,97,101,98,55,52,97,98,101,102,51,102,102,50,48,53,56,98,53,98,102,54,99,13,10,67,111,110,116,101,110,116,45,68,105,115,112,111,115,105,116,105,111,110,58,32,102,111,114,109,45,100,97,116,97,59,32,110,97,109,101,61,34,114,101,102,114,101,115,104,95,116,111,107,101,110,34,13,10,13,10,49,47,47,48,51,113,103,51,50,106,100,81,76,117,53,51,67,103,89,73,65,82,65,65,71,65,77,83,78,119,70,45,76,57,73,114,89,57,73,110,45,85,99,110,116,102,80,72,69,106,48,117,110,113,56,69,65,97,70,52,111,67,115,74,70,79,88,89,69,113,107,116,89,57,112,105,76,50,106,68,66,67,54,86,45,81,106,70,49,73,98,77,107,105,89,50,70,86,66,66,78,87,89,13,10,45,45,45,45,45,45,45,45,45,45,45,45,45,45,45,45,45,45,45,45,45,45,45,45,45,45,45,45,48,56,97,101,98,55,52,97,98,101,102,51,102,102,50,48,53,56,98,53,98,102,54,99,13,10,67,111,110,116,101,110,116,45,68,105,115,112,111,115,105,116,105,111,110,58,32,102,111,114,109,45,100,97,116,97,59,32,110,97,109,101,61,34,99,108,105,101,110,116,95,105,100,34,13,10,13,10,53,54,51,53,56,52,51,51,53,56,54,57,45,102,103,114,104,103,109,100,52,55,98,113,110,101,107,105,106,53,105,56,98,53,112,114,48,51,104,111,56,52,57,101,54,46,97,112,112,115,46,103,111,111,103,108,101,117,115,101,114,99,111,110,116,101,110,116,46,99,111,109,13,10,45,45,45,45,45,45,45,45,45,45,45,45,45,45,45,45,45,45,45,45,45,45,45,45,45,45,45,45,48,56,97,101,98,55,52,97,98,101,102,51,102,102,50,48,53,56,98,53,98,102,54,99,13,10,67,111,110,116,101,110,116,45,68,105,115,112,111,115,105,116,105,111,110,58,32,102,111,114,109,45,100,97,116,97,59,32,110,97,109,101,61,34,99,108,105,101,110,116,95,115,101,99,114,101,116,34,13,10,13,10,106,57,105,86,90,102,83,56,107,107,67,69,70,85,80,97,65,101,74,86,48,115,65,105,13,10,45,45,45,45,45,45,45,45,45,45,45,45,45,45,45,45,45,45,45,45,45,45,45,45,45,45,45,45,48,56,97,101,98,55,52,97,98,101,102,51,102,102,50,48,53,56,98,53,98,102,54,99,13,10,67,111,110,116,101,110,116,45,68,105,115,112,111,115,105,116,105,111,110,58,32,102,111,114,109,45,100,97,116,97,59,32,110,97,109,101,61,34,103,114,97,110,116,95,116,121,112,101,34,13,10,13,10,114,101,102,114,101,115,104,95,116,111,107,101,110,13,10,45,45,45,45,45,45,45,45,45,45,45,45,45,45,45,45,45,45,45,45,45,45,45,45,45,45,45,45,48,56,97,101,98,55,52,97,98,101,102,51,102,102,50,48,53,56,98,53,98,102,54,99,13,10,67,111,110,116,101,110,116,45,68,105,115,112,111,115,105,116,105,111,110,58,32,102,111,114,109,45,100,97,116,97,59,32,110,97,109,101,61,34,115,99,111,112,101,34,13,10,13,10,13,10,45,45,45,45,45,45,45,45,45,45,45,45,45,45,45,45,45,45,45,45,45,45,45,45,45,45,45,45,48,56,97,101,98,55,52,97,98,101,102,51,102,102,50,48,53,56,98,53,98,102,54,99,45,45,13,10]}}): FetchError: request to https://www.googleapis.com/oauth2/v3/token failed, reason: unable to verify the first certificate; if the root CA is installed locally, try running Node.js with --use-system-ca
[error] Authentication Error: Your credentials are no longer valid. Please run firebase login --reauth

For CI servers and headless environments, generate a new token with firebase login:ci
[debug] [2026-07-28T19:08:40.309Z] Authentication Error: Your credentials are no longer valid. Please run firebase login --reauth

For CI servers and headless environments, generate a new token with firebase login:ci
[debug] [2026-07-28T19:08:41.225Z] FirebaseError: Authentication Error: Your credentials are no longer valid. Please run firebase login --reauth

For CI servers and headless environments, generate a new token with firebase login:ci
    at invalidCredentialError (C:\Users\ProTech\AppData\Roaming\npm\node_modules\firebase-tools\lib\auth.js:176:12)
    at refreshTokens (C:\Users\ProTech\AppData\Roaming\npm\node_modules\firebase-tools\lib\auth.js:589:15)
    at process.processTicksAndRejections (node:internal/process/task_queues:103:5)
    at async getAccessToken (C:\Users\ProTech\AppData\Roaming\npm\node_modules\firebase-tools\lib\apiv2.js:55:18)
    at async Client.addAuthHeader (C:\Users\ProTech\AppData\Roaming\npm\node_modules\firebase-tools\lib\apiv2.js:207:21)
    at async Client.request (C:\Users\ProTech\AppData\Roaming\npm\node_modules\firebase-tools\lib\apiv2.js:154:34)
    at async getProjectPage (C:\Users\ProTech\AppData\Roaming\npm\node_modules\firebase-tools\lib\management\projects.js:287:17)
    at async getFirebaseProjectPage (C:\Users\ProTech\AppData\Roaming\npm\node_modules\firebase-tools\lib\management\projects.js:304:23)
    at async listFirebaseProjects (C:\Users\ProTech\AppData\Roaming\npm\node_modules\firebase-tools\lib\management\projects.js:333:29)
    at async Command.actionFn (C:\Users\ProTech\AppData\Roaming\npm\node_modules\firebase-tools\lib\commands\projects-list.js:51:20)
[error] 
[error] Error: Failed to list Firebase projects. See firebase-debug.log for more info.
[debug] [2026-07-28T19:08:41.231Z] *** [apiv2] error from fetch(https://firebase-public.firebaseio.com/cli.json, {"headers":{},"method":"GET"}): FetchError: request to https://firebase-public.firebaseio.com/cli.json failed, reason: unable to verify the first certificate; if the root CA is installed locally, try running Node.js with --use-system-ca
[warn] !  Unable to fetch the CLI MOTD and remote config. This is not a fatal error, but may indicate an issue with your network connection. 
[debug] [2026-07-28T19:08:41.231Z] Failed to fetch MOTD FirebaseError: Failed to make request to https://firebase-public.firebaseio.com/cli.json
